Flutter crash report.
Please report a bug at https://github.com/flutter/flutter/issues.

## command

flutter run --machine --start-paused -d chrome --devtools-server-address http://127.0.0.1:9102/ --target /Users/satya/Documents/GitHub/isomorph_iq/lib/main.dart

## exception

StateError: Bad state: StreamSink is closed

```
#0      _StreamSinkImpl.add (dart:_http/http_impl.dart:919:7)
#1      _WebSocketImpl.add (dart:_http/websocket_impl.dart:1223:11)
#2      vmServiceConnectUriWithFactory.<anonymous closure> (package:vm_service/vm_service_io.dart:37:46)
#3      VmService._processRequest (package:vm_service/src/vm_service.dart:2030:18)
<asynchronous suspension>
```

## flutter doctor

```
[✓] Flutter (Channel stable, 3.27.1, on macOS 14.5 23F79 darwin-arm64, locale en-IN)
    • Flutter version 3.27.1 on channel stable at /Users/satya/Library/flutter
    • Upstream repository https://github.com/flutter/flutter.git
    • Framework revision 17025dd882 (5 weeks ago), 2024-12-17 03:23:09 +0900
    • Engine revision cb4b5fff73
    • Dart version 3.6.0
    • DevTools version 2.40.2

[☠] Android toolchain - develop for Android devices (the doctor check crashed)
    ✗ Due to an error, the doctor check did not complete. If the error message below is not helpful, please let us know about this issue at https://github.com/flutter/flutter/issues.
    ✗ Exception: Android toolchain - develop for Android devices exceeded maximum allowed duration of 0:04:30.000000
    • 

[☠] Xcode - develop for iOS and macOS (the doctor check crashed)
    ✗ Due to an error, the doctor check did not complete. If the error message below is not helpful, please let us know about this issue at https://github.com/flutter/flutter/issues.
    ✗ Exception: Xcode - develop for iOS and macOS exceeded maximum allowed duration of 0:04:30.000000
    • 

[✓] Chrome - develop for the web
    • Chrome at /Applications/Google Chrome.app/Contents/MacOS/Google Chrome

[✓] Android Studio (version 2022.3)
    • Android Studio at /Applications/Android Studio.app/Contents
    • Flutter plugin can be installed from:
      🔨 https://plugins.jetbrains.com/plugin/9212-flutter
    • Dart plugin can be installed from:
      🔨 https://plugins.jetbrains.com/plugin/6351-dart
    • Java version OpenJDK Runtime Environment (build 17.0.6+0-17.0.6b829.9-10027231)

[✓] VS Code (version 1.96.2)
    • VS Code at /Applications/Visual Studio Code.app/Contents
    • Flutter extension version 3.102.0

[✓] Connected device (4 available)
    • iPhone 16 Pro (mobile)          • DBABEDC8-F658-4798-8DC9-5410BD57C897 • ios            • com.apple.CoreSimulator.SimRuntime.iOS-18-2 (simulator)
    • macOS (desktop)                 • macos                                • darwin-arm64   • macOS 14.5 23F79 darwin-arm64
    • Mac Designed for iPad (desktop) • mac-designed-for-ipad                • darwin         • macOS 14.5 23F79 darwin-arm64
    • Chrome (web)                    • chrome                               • web-javascript • Google Chrome 131.0.6778.265

[✓] Network resources
    • All expected network resources are available.

! Doctor found issues in 2 categories.
```
